// Vitest Snapshot v1, https://vitest.dev/guide/snapshot.html

exports[`Finance package is independent of guidance mode > snapshots the cross-mode totals so any future drift is reviewed 1`] = `
{
  "advanced": {
    "annualDebt": 1625000,
    "effectiveFteLeader": 1,
    "effectiveFteOps": 0.5,
    "effectiveFteTeacher": 1,
    "founderComp": undefined,
    "founderCompY1": [
      undefined,
      undefined,
      undefined,
      undefined,
      undefined,
      undefined,
      undefined,
      undefined,
      undefined,
      undefined,
      undefined,
      undefined,
      undefined,
      undefined,
      undefined,
      undefined,
      undefined,
      undefined,
      undefined,
      undefined,
      undefined,
      undefined,
      undefined,
      undefined,
      undefined,
      undefined,
      undefined,
      undefined,
      undefined,
      undefined,
      undefined,
      undefined,
      undefined,
      undefined,
      undefined,
      undefined,
      undefined,
      undefined,
      undefined,
      undefined,
      undefined,
      undefined,
      undefined,
      undefined,
      undefined,
      undefined,
      undefined,
      undefined,
      undefined,
      undefined,
      undefined,
      undefined,
      undefined,
      undefined,
      undefined,
      undefined,
      undefined,
      undefined,
      undefined,
      undefined,
      undefined,
      undefined,
      undefined,
      undefined,
      undefined,
      undefined,
      undefined,
      undefined,
      undefined,
      undefined,
      undefined,
      undefined,
      undefined,
      undefined,
      undefined,
      undefined,
      undefined,
      undefined,
      undefined,
      undefined,
      undefined,
      undefined,
      undefined,
      undefined,
      undefined,
      undefined,
      undefined,
      undefined,
      undefined,
      undefined,
      undefined,
      undefined,
      undefined,
      undefined,
      undefined,
      undefined,
      undefined,
      undefined,
      undefined,
      undefined,
    ],
    "modelMetrics": {
      "breakevenEnrollment": 44,
      "capDebtByYear": [
        0,
        0,
        0,
        0,
        0,
      ],
      "endingCashByYear": [
        483950,
        1065128.5,
        1743347.355,
        2518412.77565,
        3390125.1589195,
      ],
      "enrollment": [
        100,
        0,
        0,
        0,
        0,
      ],
      "expensesByYear": [
        366050,
        378821.5,
        391781.145,
        404934.57935,
        418287.6167305,
      ],
      "grantRevenue": 50000,
      "opexByYear": [
        157000,
        163500,
        170000,
        176500,
        183000,
      ],
      "publicY1Revenue": 0,
      "revenueByYear": [
        850000,
        960000,
        1070000,
        1180000,
        1290000,
      ],
      "staffingByYear": [
        209050,
        215321.5,
        221781.145,
        228434.57935,
        235287.61673050004,
      ],
      "y1FacilityCost": 0,
      "y1FixedCosts": 366050,
      "y1NetIncome": 483950,
      "y1Revenue": 850000,
      "y1StaffingCost": 209050,
      "y1TotalExpenses": 366050,
      "y1VariableCostPerStudent": 0,
    },
    "personnelCosts": {
      "grandTotal": 209050,
      "headcount": 3,
      "totalBenefits": 36250,
      "totalContractedPersonnel": 0,
      "totalFTE": 2.5,
      "totalPayrollTaxes": 12800,
      "totalSalariesWages": 160000,
    },
  },
  "basics": {
    "annualDebt": 1625000,
    "effectiveFteLeader": 1,
    "effectiveFteOps": 0.5,
    "effectiveFteTeacher": 1,
    "founderComp": undefined,
    "founderCompY1": [
      undefined,
      undefined,
      undefined,
      undefined,
      undefined,
      undefined,
      undefined,
      undefined,
      undefined,
      undefined,
      undefined,
      undefined,
      undefined,
      undefined,
      undefined,
      undefined,
      undefined,
      undefined,
      undefined,
      undefined,
      undefined,
      undefined,
      undefined,
      undefined,
      undefined,
      undefined,
      undefined,
      undefined,
      undefined,
      undefined,
      undefined,
      undefined,
      undefined,
      undefined,
      undefined,
      undefined,
      undefined,
      undefined,
      undefined,
      undefined,
      undefined,
      undefined,
      undefined,
      undefined,
      undefined,
      undefined,
      undefined,
      undefined,
      undefined,
      undefined,
      undefined,
      undefined,
      undefined,
      undefined,
      undefined,
      undefined,
      undefined,
      undefined,
      undefined,
      undefined,
      undefined,
      undefined,
      undefined,
      undefined,
      undefined,
      undefined,
      undefined,
      undefined,
      undefined,
      undefined,
      undefined,
      undefined,
      undefined,
      undefined,
      undefined,
      undefined,
      undefined,
      undefined,
      undefined,
      undefined,
      undefined,
      undefined,
      undefined,
      undefined,
      undefined,
      undefined,
      undefined,
      undefined,
      undefined,
      undefined,
      undefined,
      undefined,
      undefined,
      undefined,
      undefined,
      undefined,
      undefined,
      undefined,
      undefined,
      undefined,
    ],
    "modelMetrics": {
      "breakevenEnrollment": 44,
      "capDebtByYear": [
        0,
        0,
        0,
        0,
        0,
      ],
      "endingCashByYear": [
        483950,
        1065128.5,
        1743347.355,
        2518412.77565,
        3390125.1589195,
      ],
      "enrollment": [
        100,
        0,
        0,
        0,
        0,
      ],
      "expensesByYear": [
        366050,
        378821.5,
        391781.145,
        404934.57935,
        418287.6167305,
      ],
      "grantRevenue": 50000,
      "opexByYear": [
        157000,
        163500,
        170000,
        176500,
        183000,
      ],
      "publicY1Revenue": 0,
      "revenueByYear": [
        850000,
        960000,
        1070000,
        1180000,
        1290000,
      ],
      "staffingByYear": [
        209050,
        215321.5,
        221781.145,
        228434.57935,
        235287.61673050004,
      ],
      "y1FacilityCost": 0,
      "y1FixedCosts": 366050,
      "y1NetIncome": 483950,
      "y1Revenue": 850000,
      "y1StaffingCost": 209050,
      "y1TotalExpenses": 366050,
      "y1VariableCostPerStudent": 0,
    },
    "personnelCosts": {
      "grandTotal": 209050,
      "headcount": 3,
      "totalBenefits": 36250,
      "totalContractedPersonnel": 0,
      "totalFTE": 2.5,
      "totalPayrollTaxes": 12800,
      "totalSalariesWages": 160000,
    },
  },
  "extra": {
    "annualDebt": 1625000,
    "effectiveFteLeader": 1,
    "effectiveFteOps": 0.5,
    "effectiveFteTeacher": 1,
    "founderComp": undefined,
    "founderCompY1": [
      undefined,
      undefined,
      undefined,
      undefined,
      undefined,
      undefined,
      undefined,
      undefined,
      undefined,
      undefined,
      undefined,
      undefined,
      undefined,
      undefined,
      undefined,
      undefined,
      undefined,
      undefined,
      undefined,
      undefined,
      undefined,
      undefined,
      undefined,
      undefined,
      undefined,
      undefined,
      undefined,
      undefined,
      undefined,
      undefined,
      undefined,
      undefined,
      undefined,
      undefined,
      undefined,
      undefined,
      undefined,
      undefined,
      undefined,
      undefined,
      undefined,
      undefined,
      undefined,
      undefined,
      undefined,
      undefined,
      undefined,
      undefined,
      undefined,
      undefined,
      undefined,
      undefined,
      undefined,
      undefined,
      undefined,
      undefined,
      undefined,
      undefined,
      undefined,
      undefined,
      undefined,
      undefined,
      undefined,
      undefined,
      undefined,
      undefined,
      undefined,
      undefined,
      undefined,
      undefined,
      undefined,
      undefined,
      undefined,
      undefined,
      undefined,
      undefined,
      undefined,
      undefined,
      undefined,
      undefined,
      undefined,
      undefined,
      undefined,
      undefined,
      undefined,
      undefined,
      undefined,
      undefined,
      undefined,
      undefined,
      undefined,
      undefined,
      undefined,
      undefined,
      undefined,
      undefined,
      undefined,
      undefined,
      undefined,
      undefined,
    ],
    "modelMetrics": {
      "breakevenEnrollment": 44,
      "capDebtByYear": [
        0,
        0,
        0,
        0,
        0,
      ],
      "endingCashByYear": [
        483950,
        1065128.5,
        1743347.355,
        2518412.77565,
        3390125.1589195,
      ],
      "enrollment": [
        100,
        0,
        0,
        0,
        0,
      ],
      "expensesByYear": [
        366050,
        378821.5,
        391781.145,
        404934.57935,
        418287.6167305,
      ],
      "grantRevenue": 50000,
      "opexByYear": [
        157000,
        163500,
        170000,
        176500,
        183000,
      ],
      "publicY1Revenue": 0,
      "revenueByYear": [
        850000,
        960000,
        1070000,
        1180000,
        1290000,
      ],
      "staffingByYear": [
        209050,
        215321.5,
        221781.145,
        228434.57935,
        235287.61673050004,
      ],
      "y1FacilityCost": 0,
      "y1FixedCosts": 366050,
      "y1NetIncome": 483950,
      "y1Revenue": 850000,
      "y1StaffingCost": 209050,
      "y1TotalExpenses": 366050,
      "y1VariableCostPerStudent": 0,
    },
    "personnelCosts": {
      "grandTotal": 209050,
      "headcount": 3,
      "totalBenefits": 36250,
      "totalContractedPersonnel": 0,
      "totalFTE": 2.5,
      "totalPayrollTaxes": 12800,
      "totalSalariesWages": 160000,
    },
  },
}
`;
